fec_mxc.c:435:13:fec_reg_setup	0	static
fec_mxc.c:1258:12:fecmxc_free_pkt	8	static
fec_mxc.c:1050:13:fec_free_descs	16	static
fec_mxc.c:235:12:fec_phy_write	16	static
fec_mxc.c:229:12:fec_phy_read	16	static
fec_mxc.c:407:12:fecmxc_set_hwaddr	16	static
fec_mxc.c:1250:12:fecmxc_read_rom_hwaddr	16	static
fec_mxc.c:647:13:fecmxc_halt	16	static
fec_mxc.c:1487:12:fecmxc_ofdata_to_platdata	24	static
fec_mxc.c:1470:12:fecmxc_remove	8	static
fec_mxc.c:691:12:fecmxc_send	24	static
fec_mxc.c:128:12:imx_get_fecclk	0	static
fec_mxc.c:161:13:fec_mii_setspeed	8	static
fec_mxc.c:575:12:fecmxc_init	32	static
fec_mxc.c:842:12:fecmxc_recv	32	static
fec_mxc.c:1063:17:fec_get_miibus	16	static
fec_mxc.c:1327:12:fecmxc_probe	112	static
