ext4_common.c:48:26:ext4fs_get_group_descriptor	0	static
ext4_common.c:108:10:ext4fs_sb_get_free_blocks	8	static
ext4_common.c:115:6:ext4fs_sb_set_free_blocks	0	static
ext4_common.c:121:10:ext4fs_bg_get_free_blocks	0	static
ext4_common.c:152:10:ext4fs_bg_get_block_id	8	static
ext4_common.c:162:10:ext4fs_bg_get_inode_id	8	static
ext4_common.c:173:10:ext4fs_bg_get_inode_table_id	8	static
ext4_common.c:184:10:ext4fs_div_roundup	16	static
ext4_common.c:193:6:put_ext4	64	dynamic
ext4_common.c:304:5:ext4fs_set_block_bmap	8	static
ext4_common.c:340:6:ext4fs_reset_block_bmap	8	static
ext4_common.c:370:5:ext4fs_set_inode_bmap	0	static
ext4_common.c:395:6:ext4fs_reset_inode_bmap	0	static
ext4_common.c:416:10:ext4fs_checksum_update	24	static
ext4_common.c:958:10:ext4fs_get_new_blk_no	48	static
ext4_common.c:1087:5:ext4fs_get_new_inode_no	56	static
ext4_common.c:1493:6:ext4fs_allocate_blocks	72	static
ext4_common.c:1592:5:ext4fs_read_inode	56	static
ext4_common.c:736:5:ext4fs_iget	8	static
ext4_common.c:1642:10:read_allocated_block	64	static
ext4_common.c:472:5:ext4fs_update_parent_dentry	72	static
ext4_common.c:628:12:search_dir	40	static
ext4_common.c:752:5:ext4fs_get_parent_inode_num	184	static
ext4_common.c:935:5:ext4fs_filename_unlink	48	static
ext4_common.c:2007:6:ext4fs_reinit_global	8	static
ext4_common.c:2028:6:ext4fs_close	16	static
ext4_common.c:2042:5:ext4fs_iterate_dir	80	dynamic
ext4_common.c:2209:12:ext4fs_find_file1	80	dynamic
ext4_common.c:2309:5:ext4fs_find_file	24	static
ext4_common.c:2333:5:ext4fs_open	24	static
ext4_common.c:2363:5:ext4fs_mount	16	static
