mmc-uclass.c:394:12:mmc_blk_probe	8	static
mmc-uclass.c:38:5:dm_mmc_set_ios	0	static
mmc-uclass.c:47:5:mmc_set_ios	0	static
mmc-uclass.c:52:5:dm_mmc_wait_dat0	0	static
mmc-uclass.c:61:5:mmc_wait_dat0	0	static
mmc-uclass.c:66:5:dm_mmc_get_wp	0	static
mmc-uclass.c:75:5:mmc_getwp	0	static
mmc-uclass.c:80:5:dm_mmc_get_cd	0	static
mmc-uclass.c:89:5:mmc_getcd	0	static
mmc-uclass.c:127:5:dm_mmc_host_power_cycle	0	static
mmc-uclass.c:136:5:mmc_host_power_cycle	0	static
mmc-uclass.c:141:5:mmc_of_parse	16	static
mmc-uclass.c:211:13:mmc_get_mmc_dev	8	static
mmc-uclass.c:16:5:dm_mmc_send_cmd	16	static
mmc-uclass.c:33:5:mmc_send_cmd	0	static
mmc-uclass.c:374:12:mmc_select_hwpart	16	static
mmc-uclass.c:222:13:find_mmc_device	16	static
mmc-uclass.c:243:5:get_mmc_num	8	static
mmc-uclass.c:248:5:mmc_get_next_devnum	0	static
mmc-uclass.c:253:18:mmc_get_blk_desc	16	static
mmc-uclass.c:266:6:mmc_do_preinit	16	static
mmc-uclass.c:289:6:print_mmc_devices	40	static
mmc-uclass.c:322:5:mmc_bind	48	static
mmc-uclass.c:361:5:mmc_unbind	16	static
