clock.c:370:12:get_ipg_clk	8	static
clock.c:397:12:get_uart_clk	16	static
clock.c:279:12:mxc_get_pll_pfd	24	static
clock.c:981:12:get_usdhc_clk	16	static
clock.c:27:6:enable_ocotp_clk	0	static
clock.c:81:6:enable_usboh3_clk	0	static
clock.c:95:6:enable_enet_clk	16	static
clock.c:118:6:enable_uart_clk	8	static
clock.c:135:5:enable_usdhc_clk	0	static
clock.c:194:5:enable_spi_clk	0	static
clock.c:320:5:get_periph_clk	8	static
clock.c:432:12:get_axi_clk	8	static
clock.c:856:6:enable_qspi_clk	0	static
clock.c:905:5:enable_fec_anatop_clock	16	static
clock.c:1034:5:imx_get_uartclk	0	static
clock.c:1217:6:enable_thermal_clk	0	static
clock.c:1236:14:mxc_get_clock	24	static
clock.c:1039:5:imx_get_fecclk	0	static
clock.c:1308:5:do_mx6_showclocks	16	static
clock.c:1279:6:enable_ipu_clock	8	static
clock.c:1291:6:disable_ipu_clock	8	static
