fdt_ro.c:162:40:fdt_mem_rsv	0	static
fdt_ro.c:203:12:nextprop_	24	static
fdt_ro.c:359:35:fdt_get_property_by_offset_	16	static
fdt_ro.c:38:13:fdt_get_string	16	static
fdt_ro.c:102:13:fdt_string	0	static
fdt_ro.c:177:5:fdt_get_mem_rsv	24	static
fdt_ro.c:191:5:fdt_num_mem_rsv	16	static
fdt_ro.c:302:13:fdt_get_name	24	static
fdt_ro.c:227:5:fdt_subnode_offset_namelen	32	static
fdt_ro.c:246:5:fdt_subnode_offset	16	static
fdt_ro.c:341:5:fdt_first_property_offset	8	static
fdt_ro.c:351:5:fdt_next_property_offset	8	static
fdt_ro.c:396:35:fdt_get_property_namelen_	40	static
fdt_ro.c:380:28:fdt_get_property_by_offset	4	static
fdt_ro.c:427:28:fdt_get_property_namelen	24	static
fdt_ro.c:445:28:fdt_get_property	32	static
fdt_ro.c:453:13:fdt_getprop_namelen	32	static
fdt_ro.c:471:13:fdt_getprop_by_offset	32	static
fdt_ro.c:504:13:fdt_getprop	32	static
fdt_ro.c:510:10:fdt_get_phandle	24	static
fdt_ro.c:116:5:fdt_find_max_phandle	24	static
fdt_ro.c:144:5:fdt_generate_phandle	16	static
fdt_ro.c:527:13:fdt_get_alias_namelen	24	static
fdt_ro.c:252:5:fdt_path_offset_namelen	24	static
fdt_ro.c:297:5:fdt_path_offset	16	static
fdt_ro.c:539:13:fdt_get_alias	16	static
fdt_ro.c:544:5:fdt_get_path	40	static
fdt_ro.c:596:5:fdt_supernode_atdepth_offset	40	static
fdt_ro.c:634:5:fdt_node_depth	16	static
fdt_ro.c:645:5:fdt_parent_offset	16	static
fdt_ro.c:655:5:fdt_node_offset_by_prop_value	40	static
fdt_ro.c:682:5:fdt_node_offset_by_phandle	16	static
fdt_ro.c:707:5:fdt_stringlist_contains	24	static
fdt_ro.c:724:5:fdt_stringlist_count	24	static
fdt_ro.c:749:5:fdt_stringlist_search	32	static
fdt_ro.c:779:13:fdt_stringlist_get	32	static
fdt_ro.c:824:5:fdt_node_check_compatible	16	static
fdt_ro.c:837:5:fdt_node_offset_by_compatible	24	static
fdt_ro.c:863:5:fdt_check_full	40	static
