fsl_qspi.c:1131:12:fsl_qspi_set_speed	0	static
fsl_qspi.c:897:12:fsl_qspi_child_pre_probe	16	static
fsl_qspi.c:1026:12:fsl_qspi_ofdata_to_platdata	48	static
fsl_qspi.c:181:12:qspi_read32	0	static
fsl_qspi.c:187:13:qspi_write32	0	static
fsl_qspi.c:1137:12:fsl_qspi_set_mode	0	static
fsl_qspi.c:802:5:qspi_xfer	48	static
fsl_qspi.c:1081:12:fsl_qspi_xfer	24	static
fsl_qspi.c:875:6:qspi_module_disable	8	static
fsl_qspi.c:1118:12:fsl_qspi_release_bus	8	static
fsl_qspi.c:1093:12:fsl_qspi_claim_bus	24	static
fsl_qspi.c:887:6:qspi_cfg_smpr	8	static
fsl_qspi.c:907:12:fsl_qspi_probe	16	static
