console.c:105:12:console_setfile	16	static
console.c:316:5:fgetc.part.0	16	static
console.c:390:5:getc	0	static
console.c:298:5:serial_printf	552	static
console.c:316:5:fgetc	0	static
console.c:349:5:ftstc	0	static
console.c:418:5:tstc	0	static
console.c:357:6:fputc	0	static
console.c:501:6:putc	0	static
console.c:363:6:fputs	0	static
console.c:549:6:puts	0	static
console.c:369:5:fprintf	556	static
console.c:643:5:ctrlc	8	static
console.c:662:5:confirm_yesno	16	static
console.c:689:5:disable_ctrlc	0	static
console.c:697:5:had_ctrlc	0	static
console.c:702:6:clear_ctrlc	0	static
console.c:709:19:search_device	8	static
console.c:725:5:console_assign	8	static
console.c:25:12:on_console	24	static
console.c:771:5:console_announce_r	208	static
console.c:785:5:console_init_f	0	static
console.c:796:6:stdio_print_current_devices	8	static
console.c:924:5:console_init_r	16	static
